[2026-08-30 06:27:09.251] [INFO ] 成功加载权威键位映射表: ../../calibrated_keymap.json (共 68 个键位)
[2026-08-30 06:27:09.252] [INFO ] 成功加载配置文件: ../../config.json (默认方案: desktop, 规则数: 5, Profile数: 8)
[2026-08-30 06:27:09.252] [INFO ] 构建安全隔离硬件寻址表完成: 总条目 72 (含 68 物理键位 + USB 64字节边界隔离槽)
[2026-08-30 06:27:09.252] [INFO ] [Dry-Run] AuraAdapter 初始化完成 (虚拟硬件模式，不挂载实际 DLL)
[2026-08-30 06:27:09.253] [INFO ] [WebUI 监护] 网页服务后台监护线程已就绪
[2026-08-30 06:27:09.253] [INFO ] [+] ROG FALCHION ACE HFX 守护进程正在运行中 (按 Ctrl+C 优雅退出)...
[2026-08-30 06:27:09.253] [INFO ] [Dry-Run 效果帧 #1] 活跃通道数: 128/128 | 典型通道色彩: ID 0->RGB(255,25,41) ID 1->RGB(255,25,41) ID 2->RGB(255,25,41) ID 3->RGB(255,25,41) 
[2026-08-30 06:27:09.253] [INFO ] 前台窗口监控线程启动成功 (事件驱动模式，无轮询)
[2026-08-30 06:27:09.253] [INFO ] 前台窗口切换 -> 进程: [WorkBuddy.exe] => 匹配灯效方案: [desktop]
[2026-08-30 06:27:09.253] [INFO ] 全局物理按键监听钩子 (WH_KEYBOARD_LL) 注册成功
[2026-08-30 06:27:09.281] [INFO ] [WebUI 监护] 网页配置服务进程已启动 (PID: 48020, 绑定端口: 127.0.0.1:19898)
[2026-08-30 06:27:10.253] [INFO ] [Dry-Run 效果帧 #26] 活跃通道数: 128/128 | 典型通道色彩: ID 0->RGB(186,58,86) ID 1->RGB(186,58,86) ID 2->RGB(186,58,86) ID 3->RGB(186,58,86) 
[2026-08-30 06:27:11.254] [INFO ] [Dry-Run 效果帧 #51] 活跃通道数: 128/128 | 典型通道色彩: ID 0->RGB(60,118,169) ID 1->RGB(60,118,169) ID 2->RGB(60,118,169) ID 3->RGB(60,118,169) 
[2026-08-30 06:27:12.253] [INFO ] [Dry-Run 效果帧 #76] 活跃通道数: 128/128 | 典型通道色彩: ID 0->RGB(24,135,192) ID 1->RGB(24,135,192) ID 2->RGB(24,135,192) ID 3->RGB(24,135,192) 
[2026-08-30 06:27:13.254] [INFO ] [Dry-Run 效果帧 #101] 活跃通道数: 128/128 | 典型通道色彩: ID 0->RGB(120,89,129) ID 1->RGB(120,89,129) ID 2->RGB(120,89,129) ID 3->RGB(120,89,129) 
[2026-08-30 06:27:14.253] [INFO ] [Dry-Run 效果帧 #126] 活跃通道数: 128/128 | 典型通道色彩: ID 0->RGB(236,33,53) ID 1->RGB(236,33,53) ID 2->RGB(236,33,53) ID 3->RGB(236,33,53) 
[2026-08-30 06:27:15.254] [INFO ] [Dry-Run 效果帧 #151] 活跃通道数: 128/128 | 典型通道色彩: ID 0->RGB(236,34,53) ID 1->RGB(236,34,53) ID 2->RGB(236,34,53) ID 3->RGB(236,34,53) 
[2026-08-30 06:27:16.254] [INFO ] [Dry-Run 效果帧 #176] 活跃通道数: 128/128 | 典型通道色彩: ID 0->RGB(120,89,129) ID 1->RGB(120,89,129) ID 2->RGB(120,89,129) ID 3->RGB(120,89,129) 
[2026-08-30 06:27:17.254] [INFO ] [Dry-Run 效果帧 #201] 活跃通道数: 128/128 | 典型通道色彩: ID 0->RGB(24,135,192) ID 1->RGB(24,135,192) ID 2->RGB(24,135,192) ID 3->RGB(24,135,192) 
[2026-08-30 06:27:18.254] [INFO ] [Dry-Run 效果帧 #226] 活跃通道数: 128/128 | 典型通道色彩: ID 0->RGB(60,118,169) ID 1->RGB(60,118,169) ID 2->RGB(60,118,169) ID 3->RGB(60,118,169) 
[2026-08-30 06:27:19.254] [INFO ] [Dry-Run 效果帧 #251] 活跃通道数: 128/128 | 典型通道色彩: ID 0->RGB(186,57,86) ID 1->RGB(186,57,86) ID 2->RGB(186,57,86) ID 3->RGB(186,57,86) 
[2026-08-30 06:27:20.254] [INFO ] [Dry-Run 效果帧 #276] 活跃通道数: 128/128 | 典型通道色彩: ID 0->RGB(254,25,41) ID 1->RGB(254,25,41) ID 2->RGB(254,25,41) ID 3->RGB(254,25,41) 
[2026-08-30 06:27:21.253] [INFO ] [Dry-Run 效果帧 #301] 活跃通道数: 128/128 | 典型通道色彩: ID 0->RGB(186,58,86) ID 1->RGB(186,58,86) ID 2->RGB(186,58,86) ID 3->RGB(186,58,86) 
[2026-08-30 06:27:22.254] [INFO ] [Dry-Run 效果帧 #326] 活跃通道数: 128/128 | 典型通道色彩: ID 0->RGB(60,118,169) ID 1->RGB(60,118,169) ID 2->RGB(60,118,169) ID 3->RGB(60,118,169) 
[2026-08-30 06:27:23.254] [INFO ] [Dry-Run 效果帧 #351] 活跃通道数: 128/128 | 典型通道色彩: ID 0->RGB(24,135,192) ID 1->RGB(24,135,192) ID 2->RGB(24,135,192) ID 3->RGB(24,135,192) 
[2026-08-30 06:27:24.256] [INFO ] [Dry-Run 效果帧 #376] 活跃通道数: 128/128 | 典型通道色彩: ID 0->RGB(121,89,129) ID 1->RGB(121,89,129) ID 2->RGB(121,89,129) ID 3->RGB(121,89,129) 
[2026-08-30 06:27:25.253] [INFO ] [Dry-Run 效果帧 #401] 活跃通道数: 128/128 | 典型通道色彩: ID 0->RGB(236,33,53) ID 1->RGB(236,33,53) ID 2->RGB(236,33,53) ID 3->RGB(236,33,53) 
[2026-08-30 06:27:26.253] [INFO ] [Dry-Run 效果帧 #426] 活跃通道数: 128/128 | 典型通道色彩: ID 0->RGB(236,33,53) ID 1->RGB(236,33,53) ID 2->RGB(236,33,53) ID 3->RGB(236,33,53) 
[2026-08-30 06:27:27.254] [INFO ] [Dry-Run 效果帧 #451] 活跃通道数: 128/128 | 典型通道色彩: ID 0->RGB(120,89,129) ID 1->RGB(120,89,129) ID 2->RGB(120,89,129) ID 3->RGB(120,89,129) 
[2026-08-30 06:27:28.254] [INFO ] [Dry-Run 效果帧 #476] 活跃通道数: 128/128 | 典型通道色彩: ID 0->RGB(24,135,192) ID 1->RGB(24,135,192) ID 2->RGB(24,135,192) ID 3->RGB(24,135,192) 
[2026-08-30 06:27:29.253] [INFO ] [Dry-Run 效果帧 #501] 活跃通道数: 128/128 | 典型通道色彩: ID 0->RGB(60,118,169) ID 1->RGB(60,118,169) ID 2->RGB(60,118,169) ID 3->RGB(60,118,169) 
[2026-08-30 06:27:30.253] [INFO ] [Dry-Run 效果帧 #526] 活跃通道数: 128/128 | 典型通道色彩: ID 0->RGB(186,58,86) ID 1->RGB(186,58,86) ID 2->RGB(186,58,86) ID 3->RGB(186,58,86) 
[2026-08-30 06:27:31.254] [INFO ] [Dry-Run 效果帧 #551] 活跃通道数: 128/128 | 典型通道色彩: ID 0->RGB(254,25,41) ID 1->RGB(254,25,41) ID 2->RGB(254,25,41) ID 3->RGB(254,25,41) 
[2026-08-30 06:27:32.254] [INFO ] [Dry-Run 效果帧 #576] 活跃通道数: 128/128 | 典型通道色彩: ID 0->RGB(186,58,86) ID 1->RGB(186,58,86) ID 2->RGB(186,58,86) ID 3->RGB(186,58,86) 
[2026-08-30 06:27:33.254] [INFO ] [Dry-Run 效果帧 #601] 活跃通道数: 128/128 | 典型通道色彩: ID 0->RGB(60,118,169) ID 1->RGB(60,118,169) ID 2->RGB(60,118,169) ID 3->RGB(60,118,169) 
[2026-08-30 06:27:34.253] [INFO ] [Dry-Run 效果帧 #626] 活跃通道数: 128/128 | 典型通道色彩: ID 0->RGB(24,135,192) ID 1->RGB(24,135,192) ID 2->RGB(24,135,192) ID 3->RGB(24,135,192) 
[2026-08-30 06:28:16.322] [WARN ] 【异常退出兜底】检测到上一次进程未正常退出（存在残留标记文件 .daemon_running），将在连接后执行强制复位！
[2026-08-30 06:28:16.343] [INFO ] 成功加载权威键位映射表: C:\Users\ROG\WorkBuddy\Worktrees\Aura\main-0d4cb138\calibrated_keymap.json (共 68 个键位)
[2026-08-30 06:28:16.344] [INFO ] 成功加载配置文件: C:\Users\ROG\WorkBuddy\Worktrees\Aura\main-0d4cb138\smoke_test_config.json (默认方案: t, 规则数: 0, Profile数: 1)
[2026-08-30 06:28:16.344] [INFO ] 检测到上次非正常退出，正在等待华硕底层驱动通道就绪 (3 秒)...
[2026-08-30 06:28:19.344] [INFO ] 构建安全隔离硬件寻址表完成: 总条目 72 (含 68 物理键位 + USB 64字节边界隔离槽)
[2026-08-30 06:28:19.344] [INFO ] [Dry-Run] AuraAdapter 初始化完成 (虚拟硬件模式，不挂载实际 DLL)
[2026-08-30 06:28:19.344] [INFO ] 正在执行硬件状态强制复位...
[2026-08-30 06:28:19.344] [INFO ] [Dry-Run] 强制复位完成 (全黑底色)
[2026-08-30 06:28:19.344] [INFO ] [WebUI 监护] 网页服务后台监护线程已就绪
[2026-08-30 06:28:19.344] [INFO ] [+] ROG FALCHION ACE HFX 守护进程正在运行中 (按 Ctrl+C 优雅退出)...
[2026-08-30 06:28:19.344] [INFO ] [Dry-Run 效果帧 #1] 活跃通道数: 128/128 | 典型通道色彩: ID 0->RGB(0,80,200) ID 1->RGB(0,80,200) ID 2->RGB(0,80,200) ID 3->RGB(0,80,200) 
[2026-08-30 06:28:19.345] [INFO ] 前台窗口监控线程启动成功 (事件驱动模式，无轮询)
[2026-08-30 06:28:19.345] [INFO ] 前台窗口切换 -> 进程: [WorkBuddy.exe] => 匹配灯效方案: [t]
[2026-08-30 06:28:19.345] [INFO ] 全局物理按键监听钩子 (WH_KEYBOARD_LL) 注册成功
[2026-08-30 06:28:19.354] [INFO ] [WebUI 监护] 网页配置服务进程已启动 (PID: 42328, 绑定端口: 127.0.0.1:19898)
[2026-08-30 06:28:20.346] [INFO ] [Dry-Run 效果帧 #26] 活跃通道数: 128/128 | 典型通道色彩: ID 0->RGB(0,80,200) ID 1->RGB(0,80,200) ID 2->RGB(0,80,200) ID 3->RGB(0,80,200) 
[2026-08-30 06:28:21.346] [INFO ] [Dry-Run 效果帧 #51] 活跃通道数: 128/128 | 典型通道色彩: ID 0->RGB(0,80,200) ID 1->RGB(0,80,200) ID 2->RGB(0,80,200) ID 3->RGB(0,80,200) 
[2026-08-30 06:28:22.177] [INFO ] 接收到系统中断信号 (1)，正在请求优雅退出...
[2026-08-30 06:28:22.185] [INFO ] 正在停止网页配置服务监护器...
[2026-08-30 06:28:22.185] [INFO ] [WebUI 监护] 正在通知网页服务平滑退出 (PID: 42328)...
[2026-08-30 06:28:22.189] [INFO ] [WebUI 监护] [+] 网页配置服务已平滑关闭 (PID: 42328)
[2026-08-30 06:28:22.189] [INFO ] 正在停止前台监控线程...
[2026-08-30 06:28:22.189] [INFO ] 前台窗口监控线程安全退出
[2026-08-30 06:28:22.189] [INFO ] 正在安全关闭 Aura 硬件连接...
[2026-08-30 06:28:22.320] [INFO ] [+] 运行状态标记已清除 (.daemon_running 已删除)
[2026-08-30 06:28:22.320] [INFO ] [+] 守护进程已优雅退出，所有资源已安全释放。
[2026-08-30 06:28:22.566] [INFO ] 成功加载权威键位映射表: C:\Users\ROG\WorkBuddy\Worktrees\Aura\main-0d4cb138\calibrated_keymap.json (共 68 个键位)
[2026-08-30 06:28:22.567] [INFO ] 成功加载配置文件: C:\Users\ROG\WorkBuddy\Worktrees\Aura\main-0d4cb138\smoke_test_config.json (默认方案: t, 规则数: 0, Profile数: 1)
[2026-08-30 06:28:22.567] [INFO ] 构建安全隔离硬件寻址表完成: 总条目 72 (含 68 物理键位 + USB 64字节边界隔离槽)
[2026-08-30 06:28:22.568] [INFO ] [Dry-Run] AuraAdapter 初始化完成 (虚拟硬件模式，不挂载实际 DLL)
[2026-08-30 06:28:22.568] [INFO ] [WebUI 监护] 网页服务后台监护线程已就绪
[2026-08-30 06:28:22.568] [INFO ] [+] ROG FALCHION ACE HFX 守护进程正在运行中 (按 Ctrl+C 优雅退出)...
[2026-08-30 06:28:22.568] [INFO ] [Dry-Run 效果帧 #1] 活跃通道数: 128/128 | 典型通道色彩: ID 0->RGB(0,100,255) ID 1->RGB(0,100,255) ID 2->RGB(0,100,255) ID 3->RGB(0,100,255) 
[2026-08-30 06:28:22.568] [INFO ] 前台窗口监控线程启动成功 (事件驱动模式，无轮询)
[2026-08-30 06:28:22.568] [INFO ] 前台窗口切换 -> 进程: [WorkBuddy.exe] => 匹配灯效方案: [t]
[2026-08-30 06:28:22.568] [INFO ] 全局物理按键监听钩子 (WH_KEYBOARD_LL) 注册成功
[2026-08-30 06:28:22.595] [INFO ] [WebUI 监护] 网页配置服务进程已启动 (PID: 44516, 绑定端口: 127.0.0.1:19898)
[2026-08-30 06:28:23.568] [INFO ] [Dry-Run 效果帧 #26] 活跃通道数: 128/128 | 典型通道色彩: ID 0->RGB(0,10,50) ID 1->RGB(0,10,50) ID 2->RGB(0,10,50) ID 3->RGB(0,10,50) 
[2026-08-30 06:28:24.569] [INFO ] [Dry-Run 效果帧 #51] 活跃通道数: 128/128 | 典型通道色彩: ID 0->RGB(0,100,255) ID 1->RGB(0,100,255) ID 2->RGB(0,100,255) ID 3->RGB(0,100,255) 
[2026-08-30 06:28:25.443] [INFO ] 前台窗口切换 -> 进程: [SearchHost.exe] => 匹配灯效方案: [t]
[2026-08-30 06:28:25.568] [INFO ] [Dry-Run 效果帧 #76] 活跃通道数: 128/128 | 典型通道色彩: ID 0->RGB(0,10,50) ID 1->RGB(0,10,50) ID 2->RGB(0,10,50) ID 3->RGB(0,10,50) 
[2026-08-30 06:28:26.569] [INFO ] [Dry-Run 效果帧 #101] 活跃通道数: 128/128 | 典型通道色彩: ID 0->RGB(0,99,254) ID 1->RGB(0,99,254) ID 2->RGB(0,99,254) ID 3->RGB(0,99,254) 
[2026-08-30 06:28:27.568] [INFO ] [Dry-Run 效果帧 #126] 活跃通道数: 128/128 | 典型通道色彩: ID 0->RGB(0,10,50) ID 1->RGB(0,10,50) ID 2->RGB(0,10,50) ID 3->RGB(0,10,50) 
[2026-08-30 06:28:27.613] [INFO ] 前台窗口切换 -> 进程: [explorer.exe] => 匹配灯效方案: [t]
[2026-08-30 06:28:28.381] [INFO ] 接收到系统中断信号 (1)，正在请求优雅退出...
[2026-08-30 06:28:28.409] [INFO ] 正在停止网页配置服务监护器...
[2026-08-30 06:28:28.409] [INFO ] [WebUI 监护] 正在通知网页服务平滑退出 (PID: 44516)...
[2026-08-30 06:28:28.413] [INFO ] [WebUI 监护] [+] 网页配置服务已平滑关闭 (PID: 44516)
[2026-08-30 06:28:28.413] [INFO ] 正在停止前台监控线程...
[2026-08-30 06:28:28.413] [INFO ] 前台窗口监控线程安全退出
[2026-08-30 06:28:28.413] [INFO ] 正在安全关闭 Aura 硬件连接...
[2026-08-30 06:28:28.564] [INFO ] [+] 运行状态标记已清除 (.daemon_running 已删除)
[2026-08-30 06:28:28.564] [INFO ] [+] 守护进程已优雅退出，所有资源已安全释放。
[2026-08-30 06:28:28.774] [INFO ] 成功加载权威键位映射表: C:\Users\ROG\WorkBuddy\Worktrees\Aura\main-0d4cb138\calibrated_keymap.json (共 68 个键位)
[2026-08-30 06:28:28.775] [INFO ] 成功加载配置文件: C:\Users\ROG\WorkBuddy\Worktrees\Aura\main-0d4cb138\smoke_test_config.json (默认方案: t, 规则数: 0, Profile数: 1)
[2026-08-30 06:28:28.775] [INFO ] 构建安全隔离硬件寻址表完成: 总条目 72 (含 68 物理键位 + USB 64字节边界隔离槽)
[2026-08-30 06:28:28.775] [INFO ] [Dry-Run] AuraAdapter 初始化完成 (虚拟硬件模式，不挂载实际 DLL)
[2026-08-30 06:28:28.775] [INFO ] [WebUI 监护] 网页服务后台监护线程已就绪
[2026-08-30 06:28:28.775] [INFO ] [+] ROG FALCHION ACE HFX 守护进程正在运行中 (按 Ctrl+C 优雅退出)...
[2026-08-30 06:28:28.775] [INFO ] [Dry-Run 效果帧 #1] 活跃通道数: 128/128 | 典型通道色彩: ID 0->RGB(255,0,0) ID 1->RGB(255,0,0) ID 2->RGB(255,0,0) ID 3->RGB(255,0,0) 
[2026-08-30 06:28:28.775] [INFO ] 前台窗口监控线程启动成功 (事件驱动模式，无轮询)
[2026-08-30 06:28:28.775] [INFO ] 前台窗口切换 -> 进程: [explorer.exe] => 匹配灯效方案: [t]
[2026-08-30 06:28:28.775] [INFO ] 全局物理按键监听钩子 (WH_KEYBOARD_LL) 注册成功
[2026-08-30 06:28:28.802] [INFO ] [WebUI 监护] 网页配置服务进程已启动 (PID: 38756, 绑定端口: 127.0.0.1:19898)
[2026-08-30 06:28:29.410] [INFO ] 前台窗口切换 -> 进程: [GameViewer.exe] => 匹配灯效方案: [t]
[2026-08-30 06:28:29.776] [INFO ] [Dry-Run 效果帧 #26] 活跃通道数: 128/128 | 典型通道色彩: ID 0->RGB(0,254,255) ID 1->RGB(0,254,255) ID 2->RGB(0,254,255) ID 3->RGB(0,254,255) 
[2026-08-30 06:28:30.776] [INFO ] [Dry-Run 效果帧 #51] 活跃通道数: 128/128 | 典型通道色彩: ID 0->RGB(255,0,0) ID 1->RGB(255,0,0) ID 2->RGB(255,0,0) ID 3->RGB(255,0,0) 
[2026-08-30 06:28:31.777] [INFO ] [Dry-Run 效果帧 #76] 活跃通道数: 128/128 | 典型通道色彩: ID 0->RGB(0,254,255) ID 1->RGB(0,254,255) ID 2->RGB(0,254,255) ID 3->RGB(0,254,255) 
[2026-08-30 06:28:32.776] [INFO ] [Dry-Run 效果帧 #101] 活跃通道数: 128/128 | 典型通道色彩: ID 0->RGB(255,0,0) ID 1->RGB(255,0,0) ID 2->RGB(255,0,0) ID 3->RGB(255,0,0) 
[2026-08-30 06:28:33.776] [INFO ] [Dry-Run 效果帧 #126] 活跃通道数: 128/128 | 典型通道色彩: ID 0->RGB(0,254,255) ID 1->RGB(0,254,255) ID 2->RGB(0,254,255) ID 3->RGB(0,254,255) 
[2026-08-30 06:28:34.599] [INFO ] 接收到系统中断信号 (1)，正在请求优雅退出...
[2026-08-30 06:28:34.616] [INFO ] 正在停止网页配置服务监护器...
[2026-08-30 06:28:34.616] [INFO ] [WebUI 监护] 正在通知网页服务平滑退出 (PID: 38756)...
[2026-08-30 06:28:34.621] [INFO ] [WebUI 监护] [+] 网页配置服务已平滑关闭 (PID: 38756)
[2026-08-30 06:28:34.621] [INFO ] 正在停止前台监控线程...
[2026-08-30 06:28:34.621] [INFO ] 前台窗口监控线程安全退出
[2026-08-30 06:28:34.622] [INFO ] 正在安全关闭 Aura 硬件连接...
[2026-08-30 06:28:34.812] [INFO ] [+] 运行状态标记已清除 (.daemon_running 已删除)
[2026-08-30 06:28:34.812] [INFO ] [+] 守护进程已优雅退出，所有资源已安全释放。
[2026-08-30 06:28:35.048] [INFO ] 成功加载权威键位映射表: C:\Users\ROG\WorkBuddy\Worktrees\Aura\main-0d4cb138\calibrated_keymap.json (共 68 个键位)
[2026-08-30 06:28:35.050] [INFO ] 成功加载配置文件: C:\Users\ROG\WorkBuddy\Worktrees\Aura\main-0d4cb138\smoke_test_config.json (默认方案: t, 规则数: 0, Profile数: 1)
[2026-08-30 06:28:35.050] [INFO ] 构建安全隔离硬件寻址表完成: 总条目 72 (含 68 物理键位 + USB 64字节边界隔离槽)
[2026-08-30 06:28:35.050] [INFO ] [Dry-Run] AuraAdapter 初始化完成 (虚拟硬件模式，不挂载实际 DLL)
[2026-08-30 06:28:35.050] [INFO ] [WebUI 监护] 网页服务后台监护线程已就绪
[2026-08-30 06:28:35.050] [INFO ] [+] ROG FALCHION ACE HFX 守护进程正在运行中 (按 Ctrl+C 优雅退出)...
[2026-08-30 06:28:35.050] [INFO ] [Dry-Run 效果帧 #1] 活跃通道数: 68/128 | 典型通道色彩: ID 1->RGB(255,0,0) ID 2->RGB(255,0,0) ID 3->RGB(255,0,0) ID 4->RGB(255,0,0) 
[2026-08-30 06:28:35.050] [INFO ] 前台窗口监控线程启动成功 (事件驱动模式，无轮询)
[2026-08-30 06:28:35.050] [INFO ] 前台窗口切换 -> 进程: [GameViewer.exe] => 匹配灯效方案: [t]
[2026-08-30 06:28:35.050] [INFO ] 全局物理按键监听钩子 (WH_KEYBOARD_LL) 注册成功
[2026-08-30 06:28:35.077] [INFO ] [WebUI 监护] 网页配置服务进程已启动 (PID: 39168, 绑定端口: 127.0.0.1:19898)
[2026-08-30 06:28:36.050] [INFO ] [Dry-Run 效果帧 #26] 活跃通道数: 68/128 | 典型通道色彩: ID 1->RGB(0,255,255) ID 2->RGB(0,255,255) ID 3->RGB(0,255,255) ID 4->RGB(0,255,255) 
[2026-08-30 06:28:37.050] [INFO ] [Dry-Run 效果帧 #51] 活跃通道数: 68/128 | 典型通道色彩: ID 1->RGB(255,0,0) ID 2->RGB(255,0,0) ID 3->RGB(255,0,0) ID 4->RGB(255,0,0) 
[2026-08-30 06:28:38.051] [INFO ] [Dry-Run 效果帧 #76] 活跃通道数: 68/128 | 典型通道色彩: ID 1->RGB(0,255,254) ID 2->RGB(0,255,254) ID 3->RGB(0,255,254) ID 4->RGB(0,255,254) 
[2026-08-30 06:28:39.050] [INFO ] [Dry-Run 效果帧 #101] 活跃通道数: 68/128 | 典型通道色彩: ID 1->RGB(255,0,0) ID 2->RGB(255,0,0) ID 3->RGB(255,0,0) ID 4->RGB(255,0,0) 
[2026-08-30 06:28:40.051] [INFO ] [Dry-Run 效果帧 #126] 活跃通道数: 68/128 | 典型通道色彩: ID 1->RGB(0,255,255) ID 2->RGB(0,255,255) ID 3->RGB(0,255,255) ID 4->RGB(0,255,255) 
[2026-08-30 06:28:40.833] [INFO ] 接收到系统中断信号 (1)，正在请求优雅退出...
[2026-08-30 06:28:40.851] [INFO ] 正在停止网页配置服务监护器...
[2026-08-30 06:28:40.851] [INFO ] [WebUI 监护] 正在通知网页服务平滑退出 (PID: 39168)...
[2026-08-30 06:28:40.854] [INFO ] [WebUI 监护] [+] 网页配置服务已平滑关闭 (PID: 39168)
[2026-08-30 06:28:40.854] [INFO ] 正在停止前台监控线程...
[2026-08-30 06:28:40.854] [INFO ] 前台窗口监控线程安全退出
[2026-08-30 06:28:40.854] [INFO ] 正在安全关闭 Aura 硬件连接...
[2026-08-30 06:28:41.004] [INFO ] [+] 运行状态标记已清除 (.daemon_running 已删除)
[2026-08-30 06:28:41.004] [INFO ] [+] 守护进程已优雅退出，所有资源已安全释放。
[2026-08-30 06:28:41.228] [INFO ] 成功加载权威键位映射表: C:\Users\ROG\WorkBuddy\Worktrees\Aura\main-0d4cb138\calibrated_keymap.json (共 68 个键位)
[2026-08-30 06:28:41.229] [INFO ] 成功加载配置文件: C:\Users\ROG\WorkBuddy\Worktrees\Aura\main-0d4cb138\smoke_test_config.json (默认方案: t, 规则数: 0, Profile数: 1)
[2026-08-30 06:28:41.229] [INFO ] 构建安全隔离硬件寻址表完成: 总条目 72 (含 68 物理键位 + USB 64字节边界隔离槽)
[2026-08-30 06:28:41.229] [INFO ] [Dry-Run] AuraAdapter 初始化完成 (虚拟硬件模式，不挂载实际 DLL)
[2026-08-30 06:28:41.229] [INFO ] [WebUI 监护] 网页服务后台监护线程已就绪
[2026-08-30 06:28:41.229] [INFO ] [+] ROG FALCHION ACE HFX 守护进程正在运行中 (按 Ctrl+C 优雅退出)...
[2026-08-30 06:28:41.229] [INFO ] [Dry-Run 效果帧 #1] 活跃通道数: 128/128 | 典型通道色彩: ID 0->RGB(10,10,10) ID 1->RGB(10,10,10) ID 2->RGB(10,10,10) ID 3->RGB(10,10,10) 
[2026-08-30 06:28:41.229] [INFO ] 前台窗口监控线程启动成功 (事件驱动模式，无轮询)
[2026-08-30 06:28:41.230] [INFO ] 前台窗口切换 -> 进程: [GameViewer.exe] => 匹配灯效方案: [t]
[2026-08-30 06:28:41.230] [INFO ] 全局物理按键监听钩子 (WH_KEYBOARD_LL) 注册成功
[2026-08-30 06:28:41.256] [INFO ] [WebUI 监护] 网页配置服务进程已启动 (PID: 40320, 绑定端口: 127.0.0.1:19898)
[2026-08-30 06:28:42.230] [INFO ] [Dry-Run 效果帧 #26] 活跃通道数: 128/128 | 典型通道色彩: ID 0->RGB(10,10,10) ID 1->RGB(10,10,10) ID 2->RGB(10,10,10) ID 3->RGB(10,10,10) 
[2026-08-30 06:28:43.231] [INFO ] [Dry-Run 效果帧 #51] 活跃通道数: 128/128 | 典型通道色彩: ID 0->RGB(10,10,10) ID 1->RGB(10,10,10) ID 2->RGB(10,10,10) ID 3->RGB(10,10,10) 
[2026-08-30 06:28:44.230] [INFO ] [Dry-Run 效果帧 #76] 活跃通道数: 128/128 | 典型通道色彩: ID 0->RGB(10,10,10) ID 1->RGB(10,10,10) ID 2->RGB(10,10,10) ID 3->RGB(10,10,10) 
[2026-08-30 06:28:45.230] [INFO ] [Dry-Run 效果帧 #101] 活跃通道数: 128/128 | 典型通道色彩: ID 0->RGB(10,10,10) ID 1->RGB(10,10,10) ID 2->RGB(10,10,10) ID 3->RGB(10,10,10) 
[2026-08-30 06:28:46.231] [INFO ] [Dry-Run 效果帧 #126] 活跃通道数: 128/128 | 典型通道色彩: ID 0->RGB(10,10,10) ID 1->RGB(10,10,10) ID 2->RGB(10,10,10) ID 3->RGB(10,10,10) 
[2026-08-30 06:28:47.039] [INFO ] 接收到系统中断信号 (1)，正在请求优雅退出...
[2026-08-30 06:28:47.070] [INFO ] 正在停止网页配置服务监护器...
[2026-08-30 06:28:47.070] [INFO ] [WebUI 监护] 正在通知网页服务平滑退出 (PID: 40320)...
[2026-08-30 06:28:47.073] [INFO ] [WebUI 监护] [+] 网页配置服务已平滑关闭 (PID: 40320)
[2026-08-30 06:28:47.073] [INFO ] 正在停止前台监控线程...
[2026-08-30 06:28:47.074] [INFO ] 前台窗口监控线程安全退出
[2026-08-30 06:28:47.074] [INFO ] 正在安全关闭 Aura 硬件连接...
[2026-08-30 06:28:47.232] [INFO ] [+] 运行状态标记已清除 (.daemon_running 已删除)
[2026-08-30 06:28:47.232] [INFO ] [+] 守护进程已优雅退出，所有资源已安全释放。
[2026-08-30 06:28:47.445] [INFO ] 成功加载权威键位映射表: C:\Users\ROG\WorkBuddy\Worktrees\Aura\main-0d4cb138\calibrated_keymap.json (共 68 个键位)
[2026-08-30 06:28:47.446] [INFO ] 成功加载配置文件: C:\Users\ROG\WorkBuddy\Worktrees\Aura\main-0d4cb138\smoke_test_config.json (默认方案: t, 规则数: 0, Profile数: 1)
[2026-08-30 06:28:47.446] [INFO ] 构建安全隔离硬件寻址表完成: 总条目 72 (含 68 物理键位 + USB 64字节边界隔离槽)
[2026-08-30 06:28:47.446] [INFO ] [Dry-Run] AuraAdapter 初始化完成 (虚拟硬件模式，不挂载实际 DLL)
[2026-08-30 06:28:47.446] [INFO ] [WebUI 监护] 网页服务后台监护线程已就绪
[2026-08-30 06:28:47.446] [INFO ] [+] ROG FALCHION ACE HFX 守护进程正在运行中 (按 Ctrl+C 优雅退出)...
[2026-08-30 06:28:47.446] [INFO ] [Dry-Run 效果帧 #1] 活跃通道数: 0/128 | 典型通道色彩: 
[2026-08-30 06:28:47.446] [INFO ] 前台窗口监控线程启动成功 (事件驱动模式，无轮询)
[2026-08-30 06:28:47.446] [INFO ] 前台窗口切换 -> 进程: [GameViewer.exe] => 匹配灯效方案: [t]
[2026-08-30 06:28:47.446] [INFO ] 全局物理按键监听钩子 (WH_KEYBOARD_LL) 注册成功
[2026-08-30 06:28:47.473] [INFO ] [WebUI 监护] 网页配置服务进程已启动 (PID: 48312, 绑定端口: 127.0.0.1:19898)
[2026-08-30 06:28:48.448] [INFO ] [Dry-Run 效果帧 #26] 活跃通道数: 0/128 | 典型通道色彩: 
[2026-08-30 06:28:49.448] [INFO ] [Dry-Run 效果帧 #51] 活跃通道数: 0/128 | 典型通道色彩: 
[2026-08-30 06:28:50.448] [INFO ] [Dry-Run 效果帧 #76] 活跃通道数: 0/128 | 典型通道色彩: 
[2026-08-30 06:28:51.447] [INFO ] [Dry-Run 效果帧 #101] 活跃通道数: 0/128 | 典型通道色彩: 
[2026-08-30 06:28:52.447] [INFO ] [Dry-Run 效果帧 #126] 活跃通道数: 0/128 | 典型通道色彩: 
[2026-08-30 06:28:53.268] [INFO ] 接收到系统中断信号 (1)，正在请求优雅退出...
[2026-08-30 06:28:53.287] [INFO ] 正在停止网页配置服务监护器...
[2026-08-30 06:28:53.287] [INFO ] [WebUI 监护] 正在通知网页服务平滑退出 (PID: 48312)...
[2026-08-30 06:28:53.291] [INFO ] [WebUI 监护] [+] 网页配置服务已平滑关闭 (PID: 48312)
[2026-08-30 06:28:53.291] [INFO ] 正在停止前台监控线程...
[2026-08-30 06:28:53.291] [INFO ] 前台窗口监控线程安全退出
[2026-08-30 06:28:53.291] [INFO ] 正在安全关闭 Aura 硬件连接...
[2026-08-30 06:28:53.435] [INFO ] [+] 运行状态标记已清除 (.daemon_running 已删除)
[2026-08-30 06:28:53.435] [INFO ] [+] 守护进程已优雅退出，所有资源已安全释放。
[2026-08-30 06:28:53.675] [INFO ] 成功加载权威键位映射表: C:\Users\ROG\WorkBuddy\Worktrees\Aura\main-0d4cb138\calibrated_keymap.json (共 68 个键位)
[2026-08-30 06:28:53.676] [INFO ] 成功加载配置文件: C:\Users\ROG\WorkBuddy\Worktrees\Aura\main-0d4cb138\smoke_test_config.json (默认方案: t, 规则数: 0, Profile数: 1)
[2026-08-30 06:28:53.676] [INFO ] 构建安全隔离硬件寻址表完成: 总条目 72 (含 68 物理键位 + USB 64字节边界隔离槽)
[2026-08-30 06:28:53.676] [INFO ] [Dry-Run] AuraAdapter 初始化完成 (虚拟硬件模式，不挂载实际 DLL)
[2026-08-30 06:28:53.676] [INFO ] [WebUI 监护] 网页服务后台监护线程已就绪
[2026-08-30 06:28:53.676] [INFO ] [+] ROG FALCHION ACE HFX 守护进程正在运行中 (按 Ctrl+C 优雅退出)...
[2026-08-30 06:28:53.676] [INFO ] [Dry-Run 效果帧 #1] 活跃通道数: 0/128 | 典型通道色彩: 
[2026-08-30 06:28:53.676] [INFO ] 前台窗口监控线程启动成功 (事件驱动模式，无轮询)
[2026-08-30 06:28:53.676] [INFO ] 前台窗口切换 -> 进程: [GameViewer.exe] => 匹配灯效方案: [t]
[2026-08-30 06:28:53.676] [INFO ] 全局物理按键监听钩子 (WH_KEYBOARD_LL) 注册成功
[2026-08-30 06:28:53.703] [INFO ] [WebUI 监护] 网页配置服务进程已启动 (PID: 14020, 绑定端口: 127.0.0.1:19898)
[2026-08-30 06:28:54.677] [INFO ] [Dry-Run 效果帧 #26] 活跃通道数: 0/128 | 典型通道色彩: 
[2026-08-30 06:28:55.676] [INFO ] [Dry-Run 效果帧 #51] 活跃通道数: 0/128 | 典型通道色彩: 
[2026-08-30 06:28:56.677] [INFO ] [Dry-Run 效果帧 #76] 活跃通道数: 0/128 | 典型通道色彩: 
[2026-08-30 06:28:57.676] [INFO ] [Dry-Run 效果帧 #101] 活跃通道数: 0/128 | 典型通道色彩: 
[2026-08-30 06:28:58.677] [INFO ] [Dry-Run 效果帧 #126] 活跃通道数: 0/128 | 典型通道色彩: 
[2026-08-30 06:28:59.471] [INFO ] 接收到系统中断信号 (1)，正在请求优雅退出...
[2026-08-30 06:28:59.476] [INFO ] 正在停止网页配置服务监护器...
[2026-08-30 06:28:59.476] [INFO ] [WebUI 监护] 正在通知网页服务平滑退出 (PID: 14020)...
[2026-08-30 06:28:59.480] [INFO ] [WebUI 监护] [+] 网页配置服务已平滑关闭 (PID: 14020)
[2026-08-30 06:28:59.480] [INFO ] 正在停止前台监控线程...
[2026-08-30 06:28:59.480] [INFO ] 前台窗口监控线程安全退出
[2026-08-30 06:28:59.480] [INFO ] 正在安全关闭 Aura 硬件连接...
[2026-08-30 06:28:59.631] [INFO ] [+] 运行状态标记已清除 (.daemon_running 已删除)
[2026-08-30 06:28:59.631] [INFO ] [+] 守护进程已优雅退出，所有资源已安全释放。
[2026-08-30 06:28:59.845] [INFO ] 成功加载权威键位映射表: C:\Users\ROG\WorkBuddy\Worktrees\Aura\main-0d4cb138\calibrated_keymap.json (共 68 个键位)
[2026-08-30 06:28:59.846] [INFO ] 成功加载配置文件: C:\Users\ROG\WorkBuddy\Worktrees\Aura\main-0d4cb138\smoke_test_config.json (默认方案: t, 规则数: 0, Profile数: 1)
[2026-08-30 06:28:59.846] [INFO ] 构建安全隔离硬件寻址表完成: 总条目 72 (含 68 物理键位 + USB 64字节边界隔离槽)
[2026-08-30 06:28:59.846] [INFO ] [Dry-Run] AuraAdapter 初始化完成 (虚拟硬件模式，不挂载实际 DLL)
[2026-08-30 06:28:59.846] [INFO ] [WebUI 监护] 网页服务后台监护线程已就绪
[2026-08-30 06:28:59.846] [INFO ] [+] ROG FALCHION ACE HFX 守护进程正在运行中 (按 Ctrl+C 优雅退出)...
[2026-08-30 06:28:59.846] [INFO ] [Dry-Run 效果帧 #1] 活跃通道数: 53/128 | 典型通道色彩: ID 2->RGB(87,0,118) ID 3->RGB(120,72,0) ID 5->RGB(73,0,228) ID 9->RGB(0,25,252) 
[2026-08-30 06:28:59.846] [INFO ] 前台窗口监控线程启动成功 (事件驱动模式，无轮询)
[2026-08-30 06:28:59.846] [INFO ] 前台窗口切换 -> 进程: [GameViewer.exe] => 匹配灯效方案: [t]
[2026-08-30 06:28:59.846] [INFO ] 全局物理按键监听钩子 (WH_KEYBOARD_LL) 注册成功
[2026-08-30 06:28:59.872] [INFO ] [WebUI 监护] 网页配置服务进程已启动 (PID: 36924, 绑定端口: 127.0.0.1:19898)
[2026-08-30 06:29:00.847] [INFO ] [Dry-Run 效果帧 #26] 活跃通道数: 56/128 | 典型通道色彩: ID 1->RGB(0,242,213) ID 2->RGB(122,0,165) ID 3->RGB(162,97,0) ID 4->RGB(0,243,112) 
[2026-08-30 06:29:01.846] [INFO ] [Dry-Run 效果帧 #51] 活跃通道数: 53/128 | 典型通道色彩: ID 2->RGB(87,0,118) ID 3->RGB(120,72,0) ID 5->RGB(73,0,228) ID 9->RGB(0,25,252) 
[2026-08-30 06:29:02.847] [INFO ] [Dry-Run 效果帧 #76] 活跃通道数: 56/128 | 典型通道色彩: ID 1->RGB(0,242,213) ID 2->RGB(122,0,165) ID 3->RGB(162,97,0) ID 4->RGB(0,243,112) 
[2026-08-30 06:29:03.846] [INFO ] [Dry-Run 效果帧 #101] 活跃通道数: 53/128 | 典型通道色彩: ID 2->RGB(87,0,118) ID 3->RGB(120,72,0) ID 5->RGB(73,0,228) ID 9->RGB(0,25,252) 
[2026-08-30 06:29:04.847] [INFO ] [Dry-Run 效果帧 #126] 活跃通道数: 56/128 | 典型通道色彩: ID 1->RGB(0,242,213) ID 2->RGB(122,0,165) ID 3->RGB(162,97,0) ID 4->RGB(0,243,112) 
[2026-08-30 06:29:05.666] [INFO ] 接收到系统中断信号 (1)，正在请求优雅退出...
[2026-08-30 06:29:05.687] [INFO ] 正在停止网页配置服务监护器...
[2026-08-30 06:29:05.687] [INFO ] [WebUI 监护] 正在通知网页服务平滑退出 (PID: 36924)...
[2026-08-30 06:29:05.691] [INFO ] [WebUI 监护] [+] 网页配置服务已平滑关闭 (PID: 36924)
[2026-08-30 06:29:05.691] [INFO ] 正在停止前台监控线程...
[2026-08-30 06:29:05.691] [INFO ] 前台窗口监控线程安全退出
[2026-08-30 06:29:05.691] [INFO ] 正在安全关闭 Aura 硬件连接...
[2026-08-30 06:29:05.850] [INFO ] [+] 运行状态标记已清除 (.daemon_running 已删除)
[2026-08-30 06:29:05.851] [INFO ] [+] 守护进程已优雅退出，所有资源已安全释放。
[2026-08-30 06:29:06.079] [INFO ] 成功加载权威键位映射表: C:\Users\ROG\WorkBuddy\Worktrees\Aura\main-0d4cb138\calibrated_keymap.json (共 68 个键位)
[2026-08-30 06:29:06.081] [INFO ] 成功加载配置文件: C:\Users\ROG\WorkBuddy\Worktrees\Aura\main-0d4cb138\smoke_test_config.json (默认方案: t, 规则数: 0, Profile数: 1)
[2026-08-30 06:29:06.081] [INFO ] 构建安全隔离硬件寻址表完成: 总条目 72 (含 68 物理键位 + USB 64字节边界隔离槽)
[2026-08-30 06:29:06.081] [INFO ] [Dry-Run] AuraAdapter 初始化完成 (虚拟硬件模式，不挂载实际 DLL)
[2026-08-30 06:29:06.081] [INFO ] [WebUI 监护] 网页服务后台监护线程已就绪
[2026-08-30 06:29:06.081] [INFO ] [+] ROG FALCHION ACE HFX 守护进程正在运行中 (按 Ctrl+C 优雅退出)...
[2026-08-30 06:29:06.081] [INFO ] [Dry-Run 效果帧 #1] 活跃通道数: 68/128 | 典型通道色彩: ID 1->RGB(183,59,88) ID 2->RGB(183,59,88) ID 3->RGB(183,59,88) ID 4->RGB(183,59,88) 
[2026-08-30 06:29:06.081] [INFO ] 前台窗口监控线程启动成功 (事件驱动模式，无轮询)
[2026-08-30 06:29:06.081] [INFO ] 前台窗口切换 -> 进程: [GameViewer.exe] => 匹配灯效方案: [t]
[2026-08-30 06:29:06.081] [INFO ] 全局物理按键监听钩子 (WH_KEYBOARD_LL) 注册成功
[2026-08-30 06:29:06.107] [INFO ] [WebUI 监护] 网页配置服务进程已启动 (PID: 42728, 绑定端口: 127.0.0.1:19898)
[2026-08-30 06:29:07.082] [INFO ] [Dry-Run 效果帧 #26] 活跃通道数: 68/128 | 典型通道色彩: ID 1->RGB(91,103,148) ID 2->RGB(91,103,148) ID 3->RGB(91,103,148) ID 4->RGB(91,103,148) 
[2026-08-30 06:29:08.082] [INFO ] [Dry-Run 效果帧 #51] 活跃通道数: 68/128 | 典型通道色彩: ID 1->RGB(183,59,88) ID 2->RGB(183,59,88) ID 3->RGB(183,59,88) ID 4->RGB(183,59,88) 
[2026-08-30 06:29:09.081] [INFO ] [Dry-Run 效果帧 #76] 活跃通道数: 68/128 | 典型通道色彩: ID 1->RGB(91,103,148) ID 2->RGB(91,103,148) ID 3->RGB(91,103,148) ID 4->RGB(91,103,148) 
[2026-08-30 06:29:10.081] [INFO ] [Dry-Run 效果帧 #101] 活跃通道数: 68/128 | 典型通道色彩: ID 1->RGB(183,59,88) ID 2->RGB(183,59,88) ID 3->RGB(183,59,88) ID 4->RGB(183,59,88) 
[2026-08-30 06:29:11.082] [INFO ] [Dry-Run 效果帧 #126] 活跃通道数: 68/128 | 典型通道色彩: ID 1->RGB(91,103,148) ID 2->RGB(91,103,148) ID 3->RGB(91,103,148) ID 4->RGB(91,103,148) 
[2026-08-30 06:29:11.888] [INFO ] 接收到系统中断信号 (1)，正在请求优雅退出...
[2026-08-30 06:29:11.922] [INFO ] 正在停止网页配置服务监护器...
[2026-08-30 06:29:11.922] [INFO ] [WebUI 监护] 正在通知网页服务平滑退出 (PID: 42728)...
[2026-08-30 06:29:11.926] [INFO ] [WebUI 监护] [+] 网页配置服务已平滑关闭 (PID: 42728)
[2026-08-30 06:29:11.926] [INFO ] 正在停止前台监控线程...
[2026-08-30 06:29:11.926] [INFO ] 前台窗口监控线程安全退出
[2026-08-30 06:29:11.926] [INFO ] 正在安全关闭 Aura 硬件连接...
[2026-08-30 06:29:12.090] [INFO ] [+] 运行状态标记已清除 (.daemon_running 已删除)
[2026-08-30 06:29:12.090] [INFO ] [+] 守护进程已优雅退出，所有资源已安全释放。
[2026-08-30 06:29:12.319] [INFO ] 成功加载权威键位映射表: C:\Users\ROG\WorkBuddy\Worktrees\Aura\main-0d4cb138\calibrated_keymap.json (共 68 个键位)
[2026-08-30 06:29:12.320] [INFO ] 成功加载配置文件: C:\Users\ROG\WorkBuddy\Worktrees\Aura\main-0d4cb138\smoke_test_config.json (默认方案: t, 规则数: 0, Profile数: 1)
[2026-08-30 06:29:12.320] [INFO ] 构建安全隔离硬件寻址表完成: 总条目 72 (含 68 物理键位 + USB 64字节边界隔离槽)
[2026-08-30 06:29:12.320] [INFO ] [Dry-Run] AuraAdapter 初始化完成 (虚拟硬件模式，不挂载实际 DLL)
[2026-08-30 06:29:12.320] [INFO ] [WebUI 监护] 网页服务后台监护线程已就绪
[2026-08-30 06:29:12.320] [INFO ] [+] ROG FALCHION ACE HFX 守护进程正在运行中 (按 Ctrl+C 优雅退出)...
[2026-08-30 06:29:12.320] [INFO ] [Dry-Run 效果帧 #1] 活跃通道数: 68/128 | 典型通道色彩: ID 1->RGB(255,255,255) ID 2->RGB(255,255,255) ID 3->RGB(255,255,255) ID 4->RGB(255,255,255) 
[2026-08-30 06:29:12.320] [INFO ] 前台窗口监控线程启动成功 (事件驱动模式，无轮询)
[2026-08-30 06:29:12.320] [INFO ] 前台窗口切换 -> 进程: [GameViewer.exe] => 匹配灯效方案: [t]
[2026-08-30 06:29:12.320] [INFO ] 全局物理按键监听钩子 (WH_KEYBOARD_LL) 注册成功
[2026-08-30 06:29:12.348] [INFO ] [WebUI 监护] 网页配置服务进程已启动 (PID: 43764, 绑定端口: 127.0.0.1:19898)
[2026-08-30 06:29:13.321] [INFO ] [Dry-Run 效果帧 #26] 活跃通道数: 68/128 | 典型通道色彩: ID 1->RGB(0,36,38) ID 2->RGB(0,36,38) ID 3->RGB(0,36,38) ID 4->RGB(0,36,38) 
[2026-08-30 06:29:14.321] [INFO ] [Dry-Run 效果帧 #51] 活跃通道数: 68/128 | 典型通道色彩: ID 1->RGB(0,36,38) ID 2->RGB(0,36,38) ID 3->RGB(0,36,38) ID 4->RGB(0,36,38) 
[2026-08-30 06:29:15.321] [INFO ] [Dry-Run 效果帧 #76] 活跃通道数: 68/128 | 典型通道色彩: ID 1->RGB(255,255,255) ID 2->RGB(255,255,255) ID 3->RGB(255,255,255) ID 4->RGB(255,255,255) 
[2026-08-30 06:29:16.321] [INFO ] [Dry-Run 效果帧 #101] 活跃通道数: 68/128 | 典型通道色彩: ID 1->RGB(0,36,38) ID 2->RGB(0,36,38) ID 3->RGB(0,36,38) ID 4->RGB(0,36,38) 
[2026-08-30 06:29:17.320] [INFO ] [Dry-Run 效果帧 #126] 活跃通道数: 68/128 | 典型通道色彩: ID 1->RGB(0,36,38) ID 2->RGB(0,36,38) ID 3->RGB(0,36,38) ID 4->RGB(0,36,38) 
[2026-08-30 06:29:18.130] [INFO ] 接收到系统中断信号 (1)，正在请求优雅退出...
[2026-08-30 06:29:18.161] [INFO ] 正在停止网页配置服务监护器...
[2026-08-30 06:29:18.161] [INFO ] [WebUI 监护] 正在通知网页服务平滑退出 (PID: 43764)...
[2026-08-30 06:29:18.165] [INFO ] [WebUI 监护] [+] 网页配置服务已平滑关闭 (PID: 43764)
[2026-08-30 06:29:18.165] [INFO ] 正在停止前台监控线程...
[2026-08-30 06:29:18.165] [INFO ] 前台窗口监控线程安全退出
[2026-08-30 06:29:18.166] [INFO ] 正在安全关闭 Aura 硬件连接...
[2026-08-30 06:29:18.326] [INFO ] [+] 运行状态标记已清除 (.daemon_running 已删除)
[2026-08-30 06:29:18.327] [INFO ] [+] 守护进程已优雅退出，所有资源已安全释放。
[2026-08-30 06:29:18.579] [INFO ] 成功加载权威键位映射表: C:\Users\ROG\WorkBuddy\Worktrees\Aura\main-0d4cb138\calibrated_keymap.json (共 68 个键位)
[2026-08-30 06:29:18.580] [INFO ] 成功加载配置文件: C:\Users\ROG\WorkBuddy\Worktrees\Aura\main-0d4cb138\smoke_test_config.json (默认方案: t, 规则数: 0, Profile数: 1)
[2026-08-30 06:29:18.580] [INFO ] 构建安全隔离硬件寻址表完成: 总条目 72 (含 68 物理键位 + USB 64字节边界隔离槽)
[2026-08-30 06:29:18.580] [INFO ] [Dry-Run] AuraAdapter 初始化完成 (虚拟硬件模式，不挂载实际 DLL)
[2026-08-30 06:29:18.580] [INFO ] [WebUI 监护] 网页服务后台监护线程已就绪
[2026-08-30 06:29:18.580] [INFO ] [+] ROG FALCHION ACE HFX 守护进程正在运行中 (按 Ctrl+C 优雅退出)...
[2026-08-30 06:29:18.580] [INFO ] [Dry-Run 效果帧 #1] 活跃通道数: 68/128 | 典型通道色彩: ID 1->RGB(0,36,38) ID 2->RGB(0,36,38) ID 3->RGB(0,40,42) ID 4->RGB(0,36,38) 
[2026-08-30 06:29:18.580] [INFO ] 前台窗口监控线程启动成功 (事件驱动模式，无轮询)
[2026-08-30 06:29:18.580] [INFO ] 前台窗口切换 -> 进程: [GameViewer.exe] => 匹配灯效方案: [t]
[2026-08-30 06:29:18.580] [INFO ] 全局物理按键监听钩子 (WH_KEYBOARD_LL) 注册成功
[2026-08-30 06:29:18.607] [INFO ] [WebUI 监护] 网页配置服务进程已启动 (PID: 42400, 绑定端口: 127.0.0.1:19898)
[2026-08-30 06:29:19.581] [INFO ] [Dry-Run 效果帧 #26] 活跃通道数: 68/128 | 典型通道色彩: ID 1->RGB(0,36,38) ID 2->RGB(0,36,38) ID 3->RGB(0,36,38) ID 4->RGB(0,36,38) 
[2026-08-30 06:29:20.581] [INFO ] [Dry-Run 效果帧 #51] 活跃通道数: 68/128 | 典型通道色彩: ID 1->RGB(0,145,154) ID 2->RGB(0,36,38) ID 3->RGB(0,36,38) ID 4->RGB(0,162,172) 
[2026-08-30 06:29:21.581] [INFO ] [Dry-Run 效果帧 #76] 活跃通道数: 68/128 | 典型通道色彩: ID 1->RGB(0,36,38) ID 2->RGB(0,36,38) ID 3->RGB(0,40,42) ID 4->RGB(0,36,38) 
[2026-08-30 06:29:22.581] [INFO ] [Dry-Run 效果帧 #101] 活跃通道数: 68/128 | 典型通道色彩: ID 1->RGB(0,36,38) ID 2->RGB(0,36,38) ID 3->RGB(0,36,38) ID 4->RGB(0,36,38) 
[2026-08-30 06:29:23.580] [INFO ] [Dry-Run 效果帧 #126] 活跃通道数: 68/128 | 典型通道色彩: ID 1->RGB(0,145,154) ID 2->RGB(0,36,38) ID 3->RGB(0,36,38) ID 4->RGB(0,162,172) 
[2026-08-30 06:29:24.363] [INFO ] 接收到系统中断信号 (1)，正在请求优雅退出...
[2026-08-30 06:29:24.381] [INFO ] 正在停止网页配置服务监护器...
[2026-08-30 06:29:24.381] [INFO ] [WebUI 监护] 正在通知网页服务平滑退出 (PID: 42400)...
[2026-08-30 06:29:24.385] [INFO ] [WebUI 监护] [+] 网页配置服务已平滑关闭 (PID: 42400)
[2026-08-30 06:29:24.385] [INFO ] 正在停止前台监控线程...
[2026-08-30 06:29:24.385] [INFO ] 前台窗口监控线程安全退出
[2026-08-30 06:29:24.385] [INFO ] 正在安全关闭 Aura 硬件连接...
[2026-08-30 06:29:24.538] [INFO ] [+] 运行状态标记已清除 (.daemon_running 已删除)
[2026-08-30 06:29:24.538] [INFO ] [+] 守护进程已优雅退出，所有资源已安全释放。
[2026-08-30 06:35:18.420] [INFO ] 成功加载权威键位映射表: C:\Users\ROG\WorkBuddy\Worktrees\Aura\main-0d4cb138\calibrated_keymap.json (共 68 个键位)
[2026-08-30 06:35:18.421] [INFO ] 成功加载配置文件: C:\Users\ROG\WorkBuddy\Worktrees\Aura\main-0d4cb138\e2e_test_config.json (默认方案: t, 规则数: 0, Profile数: 1)
[2026-08-30 06:35:18.421] [INFO ] 构建安全隔离硬件寻址表完成: 总条目 72 (含 68 物理键位 + USB 64字节边界隔离槽)
[2026-08-30 06:35:18.421] [INFO ] [Dry-Run] AuraAdapter 初始化完成 (虚拟硬件模式，不挂载实际 DLL)
[2026-08-30 06:35:18.421] [INFO ] [WebUI 监护] 网页服务后台监护线程已就绪
[2026-08-30 06:35:18.421] [INFO ] [+] ROG FALCHION ACE HFX 守护进程正在运行中 (按 Ctrl+C 优雅退出)...
[2026-08-30 06:35:18.421] [INFO ] [Dry-Run 效果帧 #1] 活跃通道数: 0/128 | 典型通道色彩: 
[2026-08-30 06:35:18.422] [INFO ] 前台窗口监控线程启动成功 (事件驱动模式，无轮询)
[2026-08-30 06:35:18.422] [INFO ] 前台窗口切换 -> 进程: [GameViewer.exe] => 匹配灯效方案: [t]
[2026-08-30 06:35:18.422] [INFO ] 全局物理按键监听钩子 (WH_KEYBOARD_LL) 注册成功
[2026-08-30 06:35:18.447] [INFO ] [WebUI 监护] 网页配置服务进程已启动 (PID: 44236, 绑定端口: 127.0.0.1:19898)
[2026-08-30 06:35:19.234] [INFO ] 接收到系统中断信号 (1)，正在请求优雅退出...
[2026-08-30 06:35:19.263] [INFO ] 正在停止网页配置服务监护器...
[2026-08-30 06:35:19.263] [INFO ] [WebUI 监护] 正在通知网页服务平滑退出 (PID: 44236)...
[2026-08-30 06:35:19.266] [INFO ] [WebUI 监护] [+] 网页配置服务已平滑关闭 (PID: 44236)
[2026-08-30 06:35:19.267] [INFO ] 正在停止前台监控线程...
[2026-08-30 06:35:19.267] [INFO ] 前台窗口监控线程安全退出
[2026-08-30 06:35:19.267] [INFO ] 正在安全关闭 Aura 硬件连接...
[2026-08-30 06:35:19.433] [INFO ] [+] 运行状态标记已清除 (.daemon_running 已删除)
[2026-08-30 06:35:19.433] [INFO ] [+] 守护进程已优雅退出，所有资源已安全释放。
[2026-08-30 06:35:40.410] [INFO ] 成功加载权威键位映射表: C:\Users\ROG\WorkBuddy\Worktrees\Aura\main-0d4cb138\calibrated_keymap.json (共 68 个键位)
[2026-08-30 06:35:40.411] [INFO ] 成功加载配置文件: C:\Users\ROG\WorkBuddy\Worktrees\Aura\main-0d4cb138\e2e_test_config.json (默认方案: t, 规则数: 0, Profile数: 1)
[2026-08-30 06:35:40.411] [INFO ] 构建安全隔离硬件寻址表完成: 总条目 72 (含 68 物理键位 + USB 64字节边界隔离槽)
[2026-08-30 06:35:40.411] [INFO ] [Dry-Run] AuraAdapter 初始化完成 (虚拟硬件模式，不挂载实际 DLL)
[2026-08-30 06:35:40.411] [INFO ] [WebUI 监护] 网页服务后台监护线程已就绪
[2026-08-30 06:35:40.412] [INFO ] [+] ROG FALCHION ACE HFX 守护进程正在运行中 (按 Ctrl+C 优雅退出)...
[2026-08-30 06:35:40.412] [INFO ] [Dry-Run 效果帧 #1] 活跃通道数: 0/128 | 典型通道色彩: 
[2026-08-30 06:35:40.412] [INFO ] 前台窗口监控线程启动成功 (事件驱动模式，无轮询)
[2026-08-30 06:35:40.412] [INFO ] 前台窗口切换 -> 进程: [GameViewer.exe] => 匹配灯效方案: [t]
[2026-08-30 06:35:40.412] [INFO ] 全局物理按键监听钩子 (WH_KEYBOARD_LL) 注册成功
[2026-08-30 06:35:40.437] [INFO ] [WebUI 监护] 网页配置服务进程已启动 (PID: 3740, 绑定端口: 127.0.0.1:19898)
[2026-08-30 06:35:41.193] [INFO ] 前台窗口切换 -> 进程: [explorer.exe] => 匹配灯效方案: [t]
[2026-08-30 06:35:41.413] [INFO ] [Dry-Run 效果帧 #26] 活跃通道数: 0/128 | 典型通道色彩: 
[2026-08-30 06:35:42.412] [INFO ] [Dry-Run 效果帧 #51] 活跃通道数: 0/128 | 典型通道色彩: 
[2026-08-30 06:35:43.413] [INFO ] [Dry-Run 效果帧 #76] 活跃通道数: 0/128 | 典型通道色彩: 
[2026-08-30 06:35:44.412] [INFO ] [Dry-Run 效果帧 #101] 活跃通道数: 0/128 | 典型通道色彩: 
[2026-08-30 06:35:45.412] [INFO ] [Dry-Run 效果帧 #126] 活跃通道数: 0/128 | 典型通道色彩: 
[2026-08-30 06:35:46.412] [INFO ] [Dry-Run 效果帧 #151] 活跃通道数: 0/128 | 典型通道色彩: 
[2026-08-30 06:35:47.413] [INFO ] [Dry-Run 效果帧 #176] 活跃通道数: 0/128 | 典型通道色彩: 
[2026-08-30 06:35:48.223] [INFO ] 接收到系统中断信号 (1)，正在请求优雅退出...
[2026-08-30 06:35:48.253] [INFO ] 正在停止网页配置服务监护器...
[2026-08-30 06:35:48.253] [INFO ] [WebUI 监护] 正在通知网页服务平滑退出 (PID: 3740)...
[2026-08-30 06:35:48.257] [INFO ] [WebUI 监护] [+] 网页配置服务已平滑关闭 (PID: 3740)
[2026-08-30 06:35:48.257] [INFO ] 正在停止前台监控线程...
[2026-08-30 06:35:48.258] [INFO ] 前台窗口监控线程安全退出
[2026-08-30 06:35:48.258] [INFO ] 正在安全关闭 Aura 硬件连接...
[2026-08-30 06:35:48.441] [INFO ] [+] 运行状态标记已清除 (.daemon_running 已删除)
[2026-08-30 06:35:48.441] [INFO ] [+] 守护进程已优雅退出，所有资源已安全释放。
[2026-08-30 06:35:48.673] [INFO ] 成功加载权威键位映射表: C:\Users\ROG\WorkBuddy\Worktrees\Aura\main-0d4cb138\calibrated_keymap.json (共 68 个键位)
[2026-08-30 06:35:48.675] [INFO ] 成功加载配置文件: C:\Users\ROG\WorkBuddy\Worktrees\Aura\main-0d4cb138\e2e_test_config.json (默认方案: t, 规则数: 0, Profile数: 1)
[2026-08-30 06:35:48.675] [INFO ] 构建安全隔离硬件寻址表完成: 总条目 72 (含 68 物理键位 + USB 64字节边界隔离槽)
[2026-08-30 06:35:48.675] [INFO ] [Dry-Run] AuraAdapter 初始化完成 (虚拟硬件模式，不挂载实际 DLL)
[2026-08-30 06:35:48.675] [INFO ] [WebUI 监护] 网页服务后台监护线程已就绪
[2026-08-30 06:35:48.675] [INFO ] [+] ROG FALCHION ACE HFX 守护进程正在运行中 (按 Ctrl+C 优雅退出)...
[2026-08-30 06:35:48.675] [INFO ] [Dry-Run 效果帧 #1] 活跃通道数: 0/128 | 典型通道色彩: 
[2026-08-30 06:35:48.675] [INFO ] 前台窗口监控线程启动成功 (事件驱动模式，无轮询)
[2026-08-30 06:35:48.676] [INFO ] 前台窗口切换 -> 进程: [explorer.exe] => 匹配灯效方案: [t]
[2026-08-30 06:35:48.676] [INFO ] 全局物理按键监听钩子 (WH_KEYBOARD_LL) 注册成功
[2026-08-30 06:35:48.701] [INFO ] [WebUI 监护] 网页配置服务进程已启动 (PID: 42384, 绑定端口: 127.0.0.1:19898)
[2026-08-30 06:35:49.676] [INFO ] [Dry-Run 效果帧 #26] 活跃通道数: 0/128 | 典型通道色彩: 
[2026-08-30 06:35:50.677] [INFO ] [Dry-Run 效果帧 #51] 活跃通道数: 0/128 | 典型通道色彩: 
[2026-08-30 06:35:51.676] [INFO ] [Dry-Run 效果帧 #76] 活跃通道数: 0/128 | 典型通道色彩: 
[2026-08-30 06:35:52.675] [INFO ] [Dry-Run 效果帧 #101] 活跃通道数: 0/128 | 典型通道色彩: 
[2026-08-30 06:35:53.676] [INFO ] [Dry-Run 效果帧 #126] 活跃通道数: 0/128 | 典型通道色彩: 
[2026-08-30 06:35:54.676] [INFO ] [Dry-Run 效果帧 #151] 活跃通道数: 0/128 | 典型通道色彩: 
[2026-08-30 06:35:55.675] [INFO ] [Dry-Run 效果帧 #176] 活跃通道数: 0/128 | 典型通道色彩: 
[2026-08-30 06:35:56.512] [INFO ] 接收到系统中断信号 (1)，正在请求优雅退出...
[2026-08-30 06:35:56.517] [INFO ] 正在停止网页配置服务监护器...
[2026-08-30 06:35:56.517] [INFO ] [WebUI 监护] 正在通知网页服务平滑退出 (PID: 42384)...
[2026-08-30 06:35:56.521] [INFO ] [WebUI 监护] [+] 网页配置服务已平滑关闭 (PID: 42384)
[2026-08-30 06:35:56.521] [INFO ] 正在停止前台监控线程...
[2026-08-30 06:35:56.521] [INFO ] 前台窗口监控线程安全退出
[2026-08-30 06:35:56.521] [INFO ] 正在安全关闭 Aura 硬件连接...
[2026-08-30 06:35:56.678] [INFO ] [+] 运行状态标记已清除 (.daemon_running 已删除)
[2026-08-30 06:35:56.678] [INFO ] [+] 守护进程已优雅退出，所有资源已安全释放。
[2026-08-30 06:35:56.911] [INFO ] 成功加载权威键位映射表: C:\Users\ROG\WorkBuddy\Worktrees\Aura\main-0d4cb138\calibrated_keymap.json (共 68 个键位)
[2026-08-30 06:35:56.912] [INFO ] 成功加载配置文件: C:\Users\ROG\WorkBuddy\Worktrees\Aura\main-0d4cb138\e2e_test_config.json (默认方案: t, 规则数: 0, Profile数: 1)
[2026-08-30 06:35:56.912] [INFO ] 构建安全隔离硬件寻址表完成: 总条目 72 (含 68 物理键位 + USB 64字节边界隔离槽)
[2026-08-30 06:35:56.912] [INFO ] [Dry-Run] AuraAdapter 初始化完成 (虚拟硬件模式，不挂载实际 DLL)
[2026-08-30 06:35:56.912] [INFO ] [WebUI 监护] 网页服务后台监护线程已就绪
[2026-08-30 06:35:56.912] [INFO ] [+] ROG FALCHION ACE HFX 守护进程正在运行中 (按 Ctrl+C 优雅退出)...
[2026-08-30 06:35:56.912] [INFO ] [Dry-Run 效果帧 #1] 活跃通道数: 0/128 | 典型通道色彩: 
[2026-08-30 06:35:56.912] [INFO ] 前台窗口监控线程启动成功 (事件驱动模式，无轮询)
[2026-08-30 06:35:56.912] [INFO ] 前台窗口切换 -> 进程: [explorer.exe] => 匹配灯效方案: [t]
[2026-08-30 06:35:56.912] [INFO ] 全局物理按键监听钩子 (WH_KEYBOARD_LL) 注册成功
[2026-08-30 06:35:56.940] [INFO ] [WebUI 监护] 网页配置服务进程已启动 (PID: 48612, 绑定端口: 127.0.0.1:19898)
[2026-08-30 06:35:57.913] [INFO ] [Dry-Run 效果帧 #26] 活跃通道数: 0/128 | 典型通道色彩: 
[2026-08-30 06:35:58.913] [INFO ] [Dry-Run 效果帧 #51] 活跃通道数: 0/128 | 典型通道色彩: 
[2026-08-30 06:35:59.913] [INFO ] [Dry-Run 效果帧 #76] 活跃通道数: 0/128 | 典型通道色彩: 
[2026-08-30 06:36:00.913] [INFO ] [Dry-Run 效果帧 #101] 活跃通道数: 0/128 | 典型通道色彩: 
[2026-08-30 06:36:01.913] [INFO ] [Dry-Run 效果帧 #126] 活跃通道数: 0/128 | 典型通道色彩: 
[2026-08-30 06:36:02.912] [INFO ] [Dry-Run 效果帧 #151] 活跃通道数: 0/128 | 典型通道色彩: 
[2026-08-30 06:36:03.915] [INFO ] [Dry-Run 效果帧 #176] 活跃通道数: 0/128 | 典型通道色彩: 
[2026-08-30 06:36:04.744] [INFO ] 接收到系统中断信号 (1)，正在请求优雅退出...
[2026-08-30 06:36:04.753] [INFO ] 正在停止网页配置服务监护器...
[2026-08-30 06:36:04.753] [INFO ] [WebUI 监护] 正在通知网页服务平滑退出 (PID: 48612)...
[2026-08-30 06:36:04.757] [INFO ] [WebUI 监护] [+] 网页配置服务已平滑关闭 (PID: 48612)
[2026-08-30 06:36:04.757] [INFO ] 正在停止前台监控线程...
[2026-08-30 06:36:04.757] [INFO ] 前台窗口监控线程安全退出
[2026-08-30 06:36:04.758] [INFO ] 正在安全关闭 Aura 硬件连接...
[2026-08-30 06:36:04.922] [INFO ] [+] 运行状态标记已清除 (.daemon_running 已删除)
[2026-08-30 06:36:04.922] [INFO ] [+] 守护进程已优雅退出，所有资源已安全释放。
[2026-08-30 06:36:05.147] [INFO ] 成功加载权威键位映射表: C:\Users\ROG\WorkBuddy\Worktrees\Aura\main-0d4cb138\calibrated_keymap.json (共 68 个键位)
[2026-08-30 06:36:05.148] [INFO ] 成功加载配置文件: C:\Users\ROG\WorkBuddy\Worktrees\Aura\main-0d4cb138\e2e_test_config.json (默认方案: t, 规则数: 0, Profile数: 1)
[2026-08-30 06:36:05.149] [INFO ] 构建安全隔离硬件寻址表完成: 总条目 72 (含 68 物理键位 + USB 64字节边界隔离槽)
[2026-08-30 06:36:05.149] [INFO ] [Dry-Run] AuraAdapter 初始化完成 (虚拟硬件模式，不挂载实际 DLL)
[2026-08-30 06:36:05.149] [INFO ] [WebUI 监护] 网页服务后台监护线程已就绪
[2026-08-30 06:36:05.149] [INFO ] [+] ROG FALCHION ACE HFX 守护进程正在运行中 (按 Ctrl+C 优雅退出)...
[2026-08-30 06:36:05.149] [INFO ] [Dry-Run 效果帧 #1] 活跃通道数: 0/128 | 典型通道色彩: 
[2026-08-30 06:36:05.149] [INFO ] 前台窗口监控线程启动成功 (事件驱动模式，无轮询)
[2026-08-30 06:36:05.149] [INFO ] 前台窗口切换 -> 进程: [explorer.exe] => 匹配灯效方案: [t]
[2026-08-30 06:36:05.149] [INFO ] 全局物理按键监听钩子 (WH_KEYBOARD_LL) 注册成功
[2026-08-30 06:36:05.176] [INFO ] [WebUI 监护] 网页配置服务进程已启动 (PID: 48408, 绑定端口: 127.0.0.1:19898)
[2026-08-30 06:36:06.150] [INFO ] [Dry-Run 效果帧 #26] 活跃通道数: 0/128 | 典型通道色彩: 
[2026-08-30 06:36:07.151] [INFO ] [Dry-Run 效果帧 #51] 活跃通道数: 0/128 | 典型通道色彩: 
[2026-08-30 06:36:08.149] [INFO ] [Dry-Run 效果帧 #76] 活跃通道数: 0/128 | 典型通道色彩: 
[2026-08-30 06:36:09.149] [INFO ] [Dry-Run 效果帧 #101] 活跃通道数: 0/128 | 典型通道色彩: 
[2026-08-30 06:36:10.149] [INFO ] [Dry-Run 效果帧 #126] 活跃通道数: 0/128 | 典型通道色彩: 
[2026-08-30 06:36:11.150] [INFO ] [Dry-Run 效果帧 #151] 活跃通道数: 0/128 | 典型通道色彩: 
[2026-08-30 06:36:12.150] [INFO ] [Dry-Run 效果帧 #176] 活跃通道数: 0/128 | 典型通道色彩: 
[2026-08-30 06:36:12.992] [INFO ] 接收到系统中断信号 (1)，正在请求优雅退出...
[2026-08-30 06:36:13.029] [INFO ] 正在停止网页配置服务监护器...
[2026-08-30 06:36:13.029] [INFO ] [WebUI 监护] 正在通知网页服务平滑退出 (PID: 48408)...
[2026-08-30 06:36:13.032] [INFO ] [WebUI 监护] [+] 网页配置服务已平滑关闭 (PID: 48408)
[2026-08-30 06:36:13.032] [INFO ] 正在停止前台监控线程...
[2026-08-30 06:36:13.032] [INFO ] 前台窗口监控线程安全退出
[2026-08-30 06:36:13.033] [INFO ] 正在安全关闭 Aura 硬件连接...
[2026-08-30 06:36:13.186] [INFO ] [+] 运行状态标记已清除 (.daemon_running 已删除)
[2026-08-30 06:36:13.186] [INFO ] [+] 守护进程已优雅退出，所有资源已安全释放。
[2026-08-30 06:36:13.404] [INFO ] 成功加载权威键位映射表: C:\Users\ROG\WorkBuddy\Worktrees\Aura\main-0d4cb138\calibrated_keymap.json (共 68 个键位)
[2026-08-30 06:36:13.405] [INFO ] 成功加载配置文件: C:\Users\ROG\WorkBuddy\Worktrees\Aura\main-0d4cb138\e2e_test_config.json (默认方案: t, 规则数: 0, Profile数: 1)
[2026-08-30 06:36:13.405] [INFO ] 构建安全隔离硬件寻址表完成: 总条目 72 (含 68 物理键位 + USB 64字节边界隔离槽)
[2026-08-30 06:36:13.405] [INFO ] [Dry-Run] AuraAdapter 初始化完成 (虚拟硬件模式，不挂载实际 DLL)
[2026-08-30 06:36:13.405] [INFO ] [WebUI 监护] 网页服务后台监护线程已就绪
[2026-08-30 06:36:13.405] [INFO ] [+] ROG FALCHION ACE HFX 守护进程正在运行中 (按 Ctrl+C 优雅退出)...
[2026-08-30 06:36:13.405] [INFO ] [Dry-Run 效果帧 #1] 活跃通道数: 0/128 | 典型通道色彩: 
[2026-08-30 06:36:13.405] [INFO ] 前台窗口监控线程启动成功 (事件驱动模式，无轮询)
[2026-08-30 06:36:13.405] [INFO ] 前台窗口切换 -> 进程: [explorer.exe] => 匹配灯效方案: [t]
[2026-08-30 06:36:13.405] [INFO ] 全局物理按键监听钩子 (WH_KEYBOARD_LL) 注册成功
[2026-08-30 06:36:13.432] [INFO ] [WebUI 监护] 网页配置服务进程已启动 (PID: 40992, 绑定端口: 127.0.0.1:19898)
[2026-08-30 06:36:14.406] [INFO ] [Dry-Run 效果帧 #26] 活跃通道数: 0/128 | 典型通道色彩: 
[2026-08-30 06:36:15.407] [INFO ] [Dry-Run 效果帧 #51] 活跃通道数: 0/128 | 典型通道色彩: 
[2026-08-30 06:36:16.406] [INFO ] [Dry-Run 效果帧 #76] 活跃通道数: 0/128 | 典型通道色彩: 
[2026-08-30 06:36:17.405] [INFO ] [Dry-Run 效果帧 #101] 活跃通道数: 0/128 | 典型通道色彩: 
[2026-08-30 06:36:18.406] [INFO ] [Dry-Run 效果帧 #126] 活跃通道数: 0/128 | 典型通道色彩: 
[2026-08-30 06:36:19.406] [INFO ] [Dry-Run 效果帧 #151] 活跃通道数: 0/128 | 典型通道色彩: 
[2026-08-30 06:36:20.406] [INFO ] [Dry-Run 效果帧 #176] 活跃通道数: 0/128 | 典型通道色彩: 
[2026-08-30 06:36:21.252] [INFO ] 接收到系统中断信号 (1)，正在请求优雅退出...
[2026-08-30 06:36:21.285] [INFO ] 正在停止网页配置服务监护器...
[2026-08-30 06:36:21.285] [INFO ] [WebUI 监护] 正在通知网页服务平滑退出 (PID: 40992)...
[2026-08-30 06:36:21.289] [INFO ] [WebUI 监护] [+] 网页配置服务已平滑关闭 (PID: 40992)
[2026-08-30 06:36:21.289] [INFO ] 正在停止前台监控线程...
[2026-08-30 06:36:21.289] [INFO ] 前台窗口监控线程安全退出
[2026-08-30 06:36:21.289] [INFO ] 正在安全关闭 Aura 硬件连接...
[2026-08-30 06:36:21.436] [INFO ] [+] 运行状态标记已清除 (.daemon_running 已删除)
[2026-08-30 06:36:21.436] [INFO ] [+] 守护进程已优雅退出，所有资源已安全释放。
[2026-08-30 06:37:42.375] [INFO ] 成功加载权威键位映射表: C:\Users\ROG\WorkBuddy\Worktrees\Aura\main-0d4cb138\calibrated_keymap.json (共 68 个键位)
[2026-08-30 06:37:42.376] [INFO ] 成功加载配置文件: C:\Users\ROG\WorkBuddy\Worktrees\Aura\main-0d4cb138\e2e_test_config.json (默认方案: t, 规则数: 0, Profile数: 1)
[2026-08-30 06:37:42.376] [INFO ] 构建安全隔离硬件寻址表完成: 总条目 72 (含 68 物理键位 + USB 64字节边界隔离槽)
[2026-08-30 06:37:42.376] [INFO ] [Dry-Run] AuraAdapter 初始化完成 (虚拟硬件模式，不挂载实际 DLL)
[2026-08-30 06:37:42.376] [INFO ] [WebUI 监护] 网页服务后台监护线程已就绪
[2026-08-30 06:37:42.376] [INFO ] [+] ROG FALCHION ACE HFX 守护进程正在运行中 (按 Ctrl+C 优雅退出)...
[2026-08-30 06:37:42.376] [INFO ] [Dry-Run 效果帧 #1] 活跃通道数: 0/128 | 典型通道色彩: 
[2026-08-30 06:37:42.377] [INFO ] 前台窗口监控线程启动成功 (事件驱动模式，无轮询)
[2026-08-30 06:37:42.377] [INFO ] 前台窗口切换 -> 进程: [explorer.exe] => 匹配灯效方案: [t]
[2026-08-30 06:37:42.377] [INFO ] 全局物理按键监听钩子 (WH_KEYBOARD_LL) 注册成功
[2026-08-30 06:37:42.403] [INFO ] [WebUI 监护] 网页配置服务进程已启动 (PID: 35828, 绑定端口: 127.0.0.1:19898)
[2026-08-30 06:37:43.377] [INFO ] [Dry-Run 效果帧 #26] 活跃通道数: 0/128 | 典型通道色彩: 
[2026-08-30 06:37:44.377] [INFO ] [Dry-Run 效果帧 #51] 活跃通道数: 0/128 | 典型通道色彩: 
[2026-08-30 06:37:45.378] [INFO ] [Dry-Run 效果帧 #76] 活跃通道数: 0/128 | 典型通道色彩: 
[2026-08-30 06:37:46.377] [INFO ] [Dry-Run 效果帧 #101] 活跃通道数: 1/128 | 典型通道色彩: ID 11->RGB(237,23,38) 
[2026-08-30 06:37:47.378] [INFO ] [Dry-Run 效果帧 #126] 活跃通道数: 1/128 | 典型通道色彩: ID 11->RGB(255,25,41) 
[2026-08-30 06:37:48.377] [INFO ] [Dry-Run 效果帧 #151] 活跃通道数: 1/128 | 典型通道色彩: ID 11->RGB(201,19,32) 
[2026-08-30 06:37:49.378] [INFO ] [Dry-Run 效果帧 #176] 活跃通道数: 0/128 | 典型通道色彩: 
[2026-08-30 06:37:50.227] [INFO ] 接收到系统中断信号 (1)，正在请求优雅退出...
[2026-08-30 06:37:50.258] [INFO ] 正在停止网页配置服务监护器...
[2026-08-30 06:37:50.258] [INFO ] [WebUI 监护] 正在通知网页服务平滑退出 (PID: 35828)...
[2026-08-30 06:37:50.261] [INFO ] [WebUI 监护] [+] 网页配置服务已平滑关闭 (PID: 35828)
[2026-08-30 06:37:50.262] [INFO ] 正在停止前台监控线程...
[2026-08-30 06:37:50.262] [INFO ] 前台窗口监控线程安全退出
[2026-08-30 06:37:50.263] [INFO ] 正在安全关闭 Aura 硬件连接...
[2026-08-30 06:37:50.408] [INFO ] [+] 运行状态标记已清除 (.daemon_running 已删除)
[2026-08-30 06:37:50.408] [INFO ] [+] 守护进程已优雅退出，所有资源已安全释放。
[2026-08-30 06:37:50.630] [INFO ] 成功加载权威键位映射表: C:\Users\ROG\WorkBuddy\Worktrees\Aura\main-0d4cb138\calibrated_keymap.json (共 68 个键位)
[2026-08-30 06:37:50.631] [INFO ] 成功加载配置文件: C:\Users\ROG\WorkBuddy\Worktrees\Aura\main-0d4cb138\e2e_test_config.json (默认方案: t, 规则数: 0, Profile数: 1)
[2026-08-30 06:37:50.631] [INFO ] 构建安全隔离硬件寻址表完成: 总条目 72 (含 68 物理键位 + USB 64字节边界隔离槽)
[2026-08-30 06:37:50.631] [INFO ] [Dry-Run] AuraAdapter 初始化完成 (虚拟硬件模式，不挂载实际 DLL)
[2026-08-30 06:37:50.631] [INFO ] [WebUI 监护] 网页服务后台监护线程已就绪
[2026-08-30 06:37:50.631] [INFO ] [+] ROG FALCHION ACE HFX 守护进程正在运行中 (按 Ctrl+C 优雅退出)...
[2026-08-30 06:37:50.631] [INFO ] [Dry-Run 效果帧 #1] 活跃通道数: 0/128 | 典型通道色彩: 
[2026-08-30 06:37:50.631] [INFO ] 前台窗口监控线程启动成功 (事件驱动模式，无轮询)
[2026-08-30 06:37:50.631] [INFO ] 前台窗口切换 -> 进程: [explorer.exe] => 匹配灯效方案: [t]
[2026-08-30 06:37:50.631] [INFO ] 全局物理按键监听钩子 (WH_KEYBOARD_LL) 注册成功
[2026-08-30 06:37:50.658] [INFO ] [WebUI 监护] 网页配置服务进程已启动 (PID: 48492, 绑定端口: 127.0.0.1:19898)
[2026-08-30 06:37:51.632] [INFO ] [Dry-Run 效果帧 #26] 活跃通道数: 0/128 | 典型通道色彩: 
[2026-08-30 06:37:52.632] [INFO ] [Dry-Run 效果帧 #51] 活跃通道数: 0/128 | 典型通道色彩: 
[2026-08-30 06:37:53.632] [INFO ] [Dry-Run 效果帧 #76] 活跃通道数: 0/128 | 典型通道色彩: 
[2026-08-30 06:37:54.631] [INFO ] [Dry-Run 效果帧 #101] 活跃通道数: 1/128 | 典型通道色彩: ID 59->RGB(246,24,39) 
[2026-08-30 06:37:55.632] [INFO ] [Dry-Run 效果帧 #126] 活跃通道数: 1/128 | 典型通道色彩: ID 59->RGB(237,23,38) 
[2026-08-30 06:37:56.632] [INFO ] [Dry-Run 效果帧 #151] 活跃通道数: 1/128 | 典型通道色彩: ID 59->RGB(210,20,33) 
[2026-08-30 06:37:57.632] [INFO ] [Dry-Run 效果帧 #176] 活跃通道数: 0/128 | 典型通道色彩: 
[2026-08-30 06:37:58.527] [INFO ] 接收到系统中断信号 (1)，正在请求优雅退出...
[2026-08-30 06:37:58.552] [INFO ] 正在停止网页配置服务监护器...
[2026-08-30 06:37:58.552] [INFO ] [WebUI 监护] 正在通知网页服务平滑退出 (PID: 48492)...
[2026-08-30 06:37:58.556] [INFO ] [WebUI 监护] [+] 网页配置服务已平滑关闭 (PID: 48492)
[2026-08-30 06:37:58.556] [INFO ] 正在停止前台监控线程...
[2026-08-30 06:37:58.556] [INFO ] 前台窗口监控线程安全退出
[2026-08-30 06:37:58.556] [INFO ] 正在安全关闭 Aura 硬件连接...
[2026-08-30 06:37:58.706] [INFO ] [+] 运行状态标记已清除 (.daemon_running 已删除)
[2026-08-30 06:37:58.706] [INFO ] [+] 守护进程已优雅退出，所有资源已安全释放。
[2026-08-30 06:37:58.935] [INFO ] 成功加载权威键位映射表: C:\Users\ROG\WorkBuddy\Worktrees\Aura\main-0d4cb138\calibrated_keymap.json (共 68 个键位)
[2026-08-30 06:37:58.936] [INFO ] 成功加载配置文件: C:\Users\ROG\WorkBuddy\Worktrees\Aura\main-0d4cb138\e2e_test_config.json (默认方案: t, 规则数: 0, Profile数: 1)
[2026-08-30 06:37:58.936] [INFO ] 构建安全隔离硬件寻址表完成: 总条目 72 (含 68 物理键位 + USB 64字节边界隔离槽)
[2026-08-30 06:37:58.936] [INFO ] [Dry-Run] AuraAdapter 初始化完成 (虚拟硬件模式，不挂载实际 DLL)
[2026-08-30 06:37:58.936] [INFO ] [WebUI 监护] 网页服务后台监护线程已就绪
[2026-08-30 06:37:58.936] [INFO ] [+] ROG FALCHION ACE HFX 守护进程正在运行中 (按 Ctrl+C 优雅退出)...
[2026-08-30 06:37:58.936] [INFO ] [Dry-Run 效果帧 #1] 活跃通道数: 0/128 | 典型通道色彩: 
[2026-08-30 06:37:58.936] [INFO ] 前台窗口监控线程启动成功 (事件驱动模式，无轮询)
[2026-08-30 06:37:58.936] [INFO ] 前台窗口切换 -> 进程: [explorer.exe] => 匹配灯效方案: [t]
[2026-08-30 06:37:58.936] [INFO ] 全局物理按键监听钩子 (WH_KEYBOARD_LL) 注册成功
[2026-08-30 06:37:58.963] [INFO ] [WebUI 监护] 网页配置服务进程已启动 (PID: 31772, 绑定端口: 127.0.0.1:19898)
[2026-08-30 06:37:59.937] [INFO ] [Dry-Run 效果帧 #26] 活跃通道数: 0/128 | 典型通道色彩: 
[2026-08-30 06:38:00.937] [INFO ] [Dry-Run 效果帧 #51] 活跃通道数: 0/128 | 典型通道色彩: 
[2026-08-30 06:38:01.937] [INFO ] [Dry-Run 效果帧 #76] 活跃通道数: 0/128 | 典型通道色彩: 
[2026-08-30 06:38:02.937] [INFO ] [Dry-Run 效果帧 #101] 活跃通道数: 1/128 | 典型通道色彩: ID 20->RGB(237,23,38) 
[2026-08-30 06:38:03.937] [INFO ] [Dry-Run 效果帧 #126] 活跃通道数: 1/128 | 典型通道色彩: ID 20->RGB(237,23,38) 
[2026-08-30 06:38:04.937] [INFO ] [Dry-Run 效果帧 #151] 活跃通道数: 1/128 | 典型通道色彩: ID 20->RGB(201,19,32) 
[2026-08-30 06:38:05.937] [INFO ] [Dry-Run 效果帧 #176] 活跃通道数: 0/128 | 典型通道色彩: 
[2026-08-30 06:38:06.808] [INFO ] 接收到系统中断信号 (1)，正在请求优雅退出...
[2026-08-30 06:38:06.817] [INFO ] 正在停止网页配置服务监护器...
[2026-08-30 06:38:06.817] [INFO ] [WebUI 监护] 正在通知网页服务平滑退出 (PID: 31772)...
[2026-08-30 06:38:06.820] [INFO ] [WebUI 监护] [+] 网页配置服务已平滑关闭 (PID: 31772)
[2026-08-30 06:38:06.821] [INFO ] 正在停止前台监控线程...
[2026-08-30 06:38:06.821] [INFO ] 前台窗口监控线程安全退出
[2026-08-30 06:38:06.821] [INFO ] 正在安全关闭 Aura 硬件连接...
[2026-08-30 06:38:06.964] [INFO ] [+] 运行状态标记已清除 (.daemon_running 已删除)
[2026-08-30 06:38:06.964] [INFO ] [+] 守护进程已优雅退出，所有资源已安全释放。
[2026-08-30 06:38:07.168] [INFO ] 成功加载权威键位映射表: C:\Users\ROG\WorkBuddy\Worktrees\Aura\main-0d4cb138\calibrated_keymap.json (共 68 个键位)
[2026-08-30 06:38:07.170] [INFO ] 成功加载配置文件: C:\Users\ROG\WorkBuddy\Worktrees\Aura\main-0d4cb138\e2e_test_config.json (默认方案: t, 规则数: 0, Profile数: 1)
[2026-08-30 06:38:07.170] [INFO ] 构建安全隔离硬件寻址表完成: 总条目 72 (含 68 物理键位 + USB 64字节边界隔离槽)
[2026-08-30 06:38:07.170] [INFO ] [Dry-Run] AuraAdapter 初始化完成 (虚拟硬件模式，不挂载实际 DLL)
[2026-08-30 06:38:07.170] [INFO ] [WebUI 监护] 网页服务后台监护线程已就绪
[2026-08-30 06:38:07.170] [INFO ] [+] ROG FALCHION ACE HFX 守护进程正在运行中 (按 Ctrl+C 优雅退出)...
[2026-08-30 06:38:07.170] [INFO ] [Dry-Run 效果帧 #1] 活跃通道数: 0/128 | 典型通道色彩: 
[2026-08-30 06:38:07.170] [INFO ] 前台窗口监控线程启动成功 (事件驱动模式，无轮询)
[2026-08-30 06:38:07.170] [INFO ] 前台窗口切换 -> 进程: [explorer.exe] => 匹配灯效方案: [t]
[2026-08-30 06:38:07.170] [INFO ] 全局物理按键监听钩子 (WH_KEYBOARD_LL) 注册成功
[2026-08-30 06:38:07.196] [INFO ] [WebUI 监护] 网页配置服务进程已启动 (PID: 43672, 绑定端口: 127.0.0.1:19898)
[2026-08-30 06:38:08.171] [INFO ] [Dry-Run 效果帧 #26] 活跃通道数: 0/128 | 典型通道色彩: 
[2026-08-30 06:38:09.170] [INFO ] [Dry-Run 效果帧 #51] 活跃通道数: 0/128 | 典型通道色彩: 
[2026-08-30 06:38:10.170] [INFO ] [Dry-Run 效果帧 #76] 活跃通道数: 0/128 | 典型通道色彩: 
[2026-08-30 06:38:11.170] [INFO ] [Dry-Run 效果帧 #101] 活跃通道数: 1/128 | 典型通道色彩: ID 53->RGB(246,24,39) 
[2026-08-30 06:38:12.171] [INFO ] [Dry-Run 效果帧 #126] 活跃通道数: 1/128 | 典型通道色彩: ID 53->RGB(237,23,38) 
[2026-08-30 06:38:13.171] [INFO ] [Dry-Run 效果帧 #151] 活跃通道数: 1/128 | 典型通道色彩: ID 53->RGB(210,20,33) 
[2026-08-30 06:38:14.171] [INFO ] [Dry-Run 效果帧 #176] 活跃通道数: 0/128 | 典型通道色彩: 
[2026-08-30 06:38:15.062] [INFO ] 接收到系统中断信号 (1)，正在请求优雅退出...
[2026-08-30 06:38:15.091] [INFO ] 正在停止网页配置服务监护器...
[2026-08-30 06:38:15.091] [INFO ] [WebUI 监护] 正在通知网页服务平滑退出 (PID: 43672)...
[2026-08-30 06:38:15.095] [INFO ] [WebUI 监护] [+] 网页配置服务已平滑关闭 (PID: 43672)
[2026-08-30 06:38:15.095] [INFO ] 正在停止前台监控线程...
[2026-08-30 06:38:15.095] [INFO ] 前台窗口监控线程安全退出
[2026-08-30 06:38:15.095] [INFO ] 正在安全关闭 Aura 硬件连接...
[2026-08-30 06:38:15.257] [INFO ] [+] 运行状态标记已清除 (.daemon_running 已删除)
[2026-08-30 06:38:15.257] [INFO ] [+] 守护进程已优雅退出，所有资源已安全释放。
[2026-08-30 06:38:15.472] [INFO ] 成功加载权威键位映射表: C:\Users\ROG\WorkBuddy\Worktrees\Aura\main-0d4cb138\calibrated_keymap.json (共 68 个键位)
[2026-08-30 06:38:15.473] [INFO ] 成功加载配置文件: C:\Users\ROG\WorkBuddy\Worktrees\Aura\main-0d4cb138\e2e_test_config.json (默认方案: t, 规则数: 0, Profile数: 1)
[2026-08-30 06:38:15.473] [INFO ] 构建安全隔离硬件寻址表完成: 总条目 72 (含 68 物理键位 + USB 64字节边界隔离槽)
[2026-08-30 06:38:15.473] [INFO ] [Dry-Run] AuraAdapter 初始化完成 (虚拟硬件模式，不挂载实际 DLL)
[2026-08-30 06:38:15.473] [INFO ] [WebUI 监护] 网页服务后台监护线程已就绪
[2026-08-30 06:38:15.474] [INFO ] [+] ROG FALCHION ACE HFX 守护进程正在运行中 (按 Ctrl+C 优雅退出)...
[2026-08-30 06:38:15.474] [INFO ] [Dry-Run 效果帧 #1] 活跃通道数: 0/128 | 典型通道色彩: 
[2026-08-30 06:38:15.474] [INFO ] 前台窗口监控线程启动成功 (事件驱动模式，无轮询)
[2026-08-30 06:38:15.474] [INFO ] 前台窗口切换 -> 进程: [explorer.exe] => 匹配灯效方案: [t]
[2026-08-30 06:38:15.474] [INFO ] 全局物理按键监听钩子 (WH_KEYBOARD_LL) 注册成功
[2026-08-30 06:38:15.500] [INFO ] [WebUI 监护] 网页配置服务进程已启动 (PID: 44008, 绑定端口: 127.0.0.1:19898)
[2026-08-30 06:38:16.475] [INFO ] [Dry-Run 效果帧 #26] 活跃通道数: 0/128 | 典型通道色彩: 
[2026-08-30 06:38:17.475] [INFO ] [Dry-Run 效果帧 #51] 活跃通道数: 0/128 | 典型通道色彩: 
[2026-08-30 06:38:18.475] [INFO ] [Dry-Run 效果帧 #76] 活跃通道数: 0/128 | 典型通道色彩: 
[2026-08-30 06:38:19.475] [INFO ] [Dry-Run 效果帧 #101] 活跃通道数: 59/128 | 典型通道色彩: ID 1->RGB(0,97,104) ID 2->RGB(0,159,168) ID 3->RGB(0,181,192) ID 4->RGB(0,205,218) 
[2026-08-30 06:38:20.475] [INFO ] [Dry-Run 效果帧 #126] 活跃通道数: 68/128 | 典型通道色彩: ID 1->RGB(0,123,131) ID 2->RGB(0,154,164) ID 3->RGB(0,178,190) ID 4->RGB(0,204,217) 
[2026-08-30 06:38:21.475] [INFO ] [Dry-Run 效果帧 #151] 活跃通道数: 65/128 | 典型通道色彩: ID 1->RGB(0,123,131) ID 2->RGB(0,152,161) ID 3->RGB(0,128,136) ID 4->RGB(0,206,219) 
[2026-08-30 06:38:22.475] [INFO ] [Dry-Run 效果帧 #176] 活跃通道数: 0/128 | 典型通道色彩: 
[2026-08-30 06:38:23.360] [INFO ] 接收到系统中断信号 (1)，正在请求优雅退出...
[2026-08-30 06:38:23.394] [INFO ] 正在停止网页配置服务监护器...
[2026-08-30 06:38:23.394] [INFO ] [WebUI 监护] 正在通知网页服务平滑退出 (PID: 44008)...
[2026-08-30 06:38:23.397] [INFO ] [WebUI 监护] [+] 网页配置服务已平滑关闭 (PID: 44008)
[2026-08-30 06:38:23.397] [INFO ] 正在停止前台监控线程...
[2026-08-30 06:38:23.397] [INFO ] 前台窗口监控线程安全退出
[2026-08-30 06:38:23.398] [INFO ] 正在安全关闭 Aura 硬件连接...
[2026-08-30 06:38:23.546] [INFO ] [+] 运行状态标记已清除 (.daemon_running 已删除)
[2026-08-30 06:38:23.546] [INFO ] [+] 守护进程已优雅退出，所有资源已安全释放。
